2026-03-26 00:17:24  INFO      TradingGraph: Running agents for USDJPY
2026-03-26 00:17:24  INFO      TradingGraph: Completed 14 agents
2026-03-26 00:17:24  INFO      TradingGraph: Fusing timeframe signals
2026-03-26 00:17:24  INFO      TradingGraph: Fusion: L=0.323, M=0.117, S=0.051
2026-03-26 00:17:24  INFO      TradingRunner: [WATCHDOG] alive | equity=94091.76 | cycle=11 | profile=safe
2026-03-26 00:18:25  INFO      TradingGraph: Running agents for USDJPY
2026-03-26 00:18:25  INFO      TradingGraph: Completed 14 agents
2026-03-26 00:18:25  INFO      TradingGraph: Fusing timeframe signals
2026-03-26 00:18:25  INFO      TradingGraph: Fusion: L=0.323, M=0.117, S=0.051
2026-03-26 00:18:31  INFO      TradingRunner: Analysing EURUSD …
2026-03-26 00:18:31  INFO      TradingGraph: Running agents for EURUSD
2026-03-26 00:18:31  INFO      TradingGraph: Completed 14 agents
2026-03-26 00:18:31  INFO      TradingGraph: Fusing timeframe signals
2026-03-26 00:18:31  INFO      TradingGraph: Fusion: L=-0.167, M=-0.057, S=0.056
2026-03-26 00:18:31  INFO      TradingGraph: Timeframes not aligned — stopping (L=-0.167 M=-0.057 S=0.056)
2026-03-26 00:18:31  INFO      TradingRunner: Analysing GBPUSD …
2026-03-26 00:18:31  INFO      TradingGraph: Running agents for GBPUSD
2026-03-26 00:18:32  INFO      TradingGraph: Completed 14 agents
2026-03-26 00:18:32  INFO      TradingGraph: Fusing timeframe signals
2026-03-26 00:18:32  INFO      TradingGraph: Fusion: L=-0.161, M=-0.046, S=-0.009
2026-03-26 00:18:32  INFO      TradingGraph: Timeframes not aligned — stopping (L=-0.161 M=-0.046 S=-0.009)
2026-03-26 00:18:32  INFO      TradingRunner: Analysing USDJPY …
2026-03-26 00:18:32  INFO      TradingGraph: Running agents for USDJPY
2026-03-26 00:18:32  INFO      TradingGraph: Completed 14 agents
2026-03-26 00:18:32  INFO      TradingGraph: Fusing timeframe signals
2026-03-26 00:18:32  INFO      TradingGraph: Fusion: L=0.323, M=0.117, S=0.051
2026-03-26 00:18:32  INFO      TradingGraph: Timeframes not aligned — stopping (L=0.323 M=0.117 S=0.051)
2026-03-26 00:18:32  INFO      TradingRunner: Analysing USDCHF …
2026-03-26 00:18:32  INFO      TradingGraph: Running agents for USDCHF
2026-03-26 00:18:32  INFO      TradingGraph: Completed 14 agents
2026-03-26 00:18:32  INFO      TradingGraph: Fusing timeframe signals
2026-03-26 00:18:32  INFO      TradingGraph: Fusion: L=0.162, M=0.056, S=0.004
2026-03-26 00:18:32  INFO      TradingGraph: Timeframes not aligned — stopping (L=0.162 M=0.056 S=0.004)
2026-03-26 00:18:32  INFO      TradingRunner: Analysing AUDUSD …
2026-03-26 00:18:32  INFO      TradingGraph: Running agents for AUDUSD
2026-03-26 00:18:32  INFO      TradingGraph: Completed 14 agents
2026-03-26 00:18:32  INFO      TradingGraph: Fusing timeframe signals
2026-03-26 00:18:32  INFO      TradingGraph: Fusion: L=0.046, M=-0.043, S=-0.059
2026-03-26 00:18:32  INFO      TradingGraph: Timeframes not aligned — stopping (L=0.046 M=-0.043 S=-0.059)
2026-03-26 00:18:32  INFO      TradingRunner: Analysing USDCAD …
2026-03-26 00:18:32  INFO      TradingGraph: Running agents for USDCAD
2026-03-26 00:18:32  INFO      TradingGraph: Completed 14 agents
2026-03-26 00:18:32  INFO      TradingGraph: Fusing timeframe signals
2026-03-26 00:18:32  INFO      TradingGraph: Fusion: L=0.158, M=-0.015, S=0.206
2026-03-26 00:18:32  INFO      TradingGraph: Timeframes not aligned — stopping (L=0.158 M=-0.015 S=0.206)
2026-03-26 00:18:32  INFO      TradingRunner: Analysing NZDUSD …
2026-03-26 00:18:32  INFO      TradingGraph: Running agents for NZDUSD
2026-03-26 00:18:32  INFO      TradingGraph: Completed 14 agents
2026-03-26 00:18:32  INFO      TradingGraph: Fusing timeframe signals
2026-03-26 00:18:32  INFO      TradingGraph: Fusion: L=-0.168, M=-0.006, S=-0.096
2026-03-26 00:18:32  INFO      TradingGraph: Timeframes not aligned — stopping (L=-0.168 M=-0.006 S=-0.096)
2026-03-26 00:18:32  INFO      TradingRunner: Analysing US30 …
2026-03-26 00:18:32  INFO      TradingGraph: Running agents for US30
2026-03-26 00:18:32  INFO      TradingGraph: Completed 14 agents
2026-03-26 00:18:32  INFO      TradingGraph: Fusing timeframe signals
2026-03-26 00:18:32  INFO      TradingGraph: Fusion: L=-0.243, M=0.017, S=0.049
2026-03-26 00:18:32  INFO      TradingGraph: Timeframes not aligned — stopping (L=-0.243 M=0.017 S=0.049; mean-rev blocks SHORT (score=0.62))
2026-03-26 00:18:32  INFO      TradingRunner: Analysing US500 …
2026-03-26 00:18:32  INFO      TradingGraph: Running agents for US500
2026-03-26 00:18:32  INFO      TradingGraph: Completed 14 agents
2026-03-26 00:18:32  INFO      TradingGraph: Fusing timeframe signals
2026-03-26 00:18:32  INFO      TradingGraph: Fusion: L=-0.228, M=0.010, S=-0.010
2026-03-26 00:18:32  INFO      TradingGraph: Timeframes not aligned — stopping (L=-0.228 M=0.010 S=-0.010)
2026-03-26 00:18:32  INFO      TradingRunner: Analysing USTEC …
2026-03-26 00:18:32  INFO      TradingGraph: Running agents for USTEC
2026-03-26 00:18:32  INFO      TradingGraph: Completed 14 agents
2026-03-26 00:18:32  INFO      TradingGraph: Fusing timeframe signals
2026-03-26 00:18:32  INFO      TradingGraph: Fusion: L=-0.207, M=0.009, S=-0.103
2026-03-26 00:18:32  INFO      TradingGraph: Timeframes not aligned — stopping (L=-0.207 M=0.009 S=-0.103)
2026-03-26 00:18:32  INFO      TradingRunner: Analysing DAX …
2026-03-26 00:18:32  INFO      TradingGraph: Running agents for DAX
2026-03-26 00:18:32  INFO      TradingGraph: Completed 14 agents
2026-03-26 00:18:32  INFO      TradingGraph: Fusing timeframe signals
2026-03-26 00:18:32  INFO      TradingGraph: Fusion: L=-0.108, M=0.111, S=-0.088
2026-03-26 00:18:32  INFO      TradingGraph: Timeframes not aligned — stopping (L=-0.108 M=0.111 S=-0.088)
2026-03-26 00:18:32  INFO      TradingRunner: Analysing UK100 …
2026-03-26 00:18:32  INFO      TradingGraph: Running agents for UK100
2026-03-26 00:18:32  INFO      TradingGraph: Completed 14 agents
2026-03-26 00:18:32  INFO      TradingGraph: Fusing timeframe signals
2026-03-26 00:18:32  INFO      TradingGraph: Fusion: L=0.181, M=0.225, S=-0.080
2026-03-26 00:18:32  INFO      TradingGraph: Timeframes not aligned — stopping (L=0.181 M=0.225 S=-0.080)
2026-03-26 00:18:32  INFO      TradingRunner: Analysing EURJPY …
2026-03-26 00:18:32  INFO      TradingGraph: Running agents for EURJPY
2026-03-26 00:18:32  INFO      TradingGraph: Completed 14 agents
2026-03-26 00:18:32  INFO      TradingGraph: Fusing timeframe signals
2026-03-26 00:18:32  INFO      TradingGraph: Fusion: L=-0.045, M=0.013, S=0.144
2026-03-26 00:18:32  INFO      TradingGraph: Timeframes not aligned — stopping (L=-0.045 M=0.013 S=0.144)
2026-03-26 00:18:32  INFO      TradingRunner: Analysing GBPJPY …
2026-03-26 00:18:32  INFO      TradingGraph: Running agents for GBPJPY
2026-03-26 00:18:33  INFO      TradingGraph: Completed 14 agents
2026-03-26 00:18:33  INFO      TradingGraph: Fusing timeframe signals
2026-03-26 00:18:33  INFO      TradingGraph: Fusion: L=0.253, M=0.050, S=-0.057
2026-03-26 00:18:33  INFO      TradingGraph: Timeframes not aligned — stopping (L=0.253 M=0.050 S=-0.057)
2026-03-26 00:18:33  INFO      TradingRunner: Analysing AUDJPY …
2026-03-26 00:18:33  INFO      TradingGraph: Running agents for AUDJPY
2026-03-26 00:18:33  INFO      TradingGraph: Completed 14 agents
2026-03-26 00:18:33  INFO      TradingGraph: Fusing timeframe signals
2026-03-26 00:18:33  INFO      TradingGraph: Fusion: L=0.189, M=0.096, S=-0.020
2026-03-26 00:18:33  INFO      TradingGraph: Timeframes not aligned — stopping (L=0.189 M=0.096 S=-0.020; mean-rev blocks SHORT (score=0.61))
2026-03-26 00:18:33  INFO      TradingRunner: Analysing EURGBP …
2026-03-26 00:18:33  INFO      TradingGraph: Running agents for EURGBP
2026-03-26 00:18:33  INFO      TradingGraph: Completed 14 agents
2026-03-26 00:18:33  INFO      TradingGraph: Fusing timeframe signals
2026-03-26 00:18:33  INFO      TradingGraph: Fusion: L=-0.026, M=-0.064, S=-0.005
2026-03-26 00:18:33  INFO      TradingGraph: Timeframes not aligned — stopping (L=-0.026 M=-0.064 S=-0.005)
2026-03-26 00:18:33  INFO      TradingRunner: Analysing EURCHF …
2026-03-26 00:18:33  INFO      TradingGraph: Running agents for EURCHF
2026-03-26 00:18:33  INFO      TradingGraph: Completed 14 agents
2026-03-26 00:18:33  INFO      TradingGraph: Fusing timeframe signals
2026-03-26 00:18:33  INFO      TradingGraph: Fusion: L=-0.226, M=-0.121, S=-0.045
2026-03-26 00:18:33  INFO      TradingGraph: Timeframes not aligned — stopping (L=-0.226 M=-0.121 S=-0.045)
2026-03-26 00:18:33  INFO      TradingRunner: Analysing CHFJPY …
2026-03-26 00:18:33  INFO      TradingGraph: Running agents for CHFJPY
2026-03-26 00:18:33  INFO      TradingGraph: Completed 14 agents
2026-03-26 00:18:33  INFO      TradingGraph: Fusing timeframe signals
2026-03-26 00:18:33  INFO      TradingGraph: Fusion: L=0.226, M=0.049, S=0.071
2026-03-26 00:18:33  INFO      TradingGraph: Timeframes not aligned — stopping (L=0.226 M=0.049 S=0.071)
2026-03-26 00:18:33  INFO      TradingRunner: Analysing XAGUSD …
2026-03-26 00:18:33  INFO      TradingGraph: Running agents for XAGUSD
2026-03-26 00:18:33  INFO      TradingGraph: Completed 14 agents
2026-03-26 00:18:33  INFO      TradingGraph: Fusing timeframe signals
2026-03-26 00:18:33  INFO      TradingGraph: Fusion: L=-0.129, M=0.034, S=-0.273
2026-03-26 00:18:33  INFO      TradingGraph: Timeframes not aligned — stopping (L=-0.129 M=0.034 S=-0.273)
2026-03-26 00:18:34  INFO      TradingRunner: PnL — unrealized: -5.13  realized today: +0.00  total: -5.13
2026-03-26 00:18:35  INFO      TradingRunner: Signal cycle done in 7.4s — sleeping 293s
2026-03-26 00:19:24  INFO      TradingGraph: Running agents for USDJPY
2026-03-26 00:19:24  INFO      TradingGraph: Completed 14 agents
2026-03-26 00:19:24  INFO      TradingGraph: Fusing timeframe signals
2026-03-26 00:19:24  INFO      TradingGraph: Fusion: L=0.323, M=0.117, S=0.051
